/9j/4AAQSkZJRgABAQAASABIAAD/4QD4RXhpZgAATU0AKgAAAAgABwESAAMAAAABAAEAAAEaAAUAAAABAAAAYgEbAAUAAAABAAAAagEoAAMAAAABAAIAAAExAAIAAAAgAAAAcgEyAAIAAAAUAAAAkodpAAQAAAABAAAApgAAAAAAAABIAAAAAQAAAEgAAAABQWRvYmUgUGhvdG9zaG9wIENTNiAoTWFjaW50b3NoKQAyMDE2OjA2OjAxIDE0OjQzOjIzAAAEkAQAAgAAABQAAADcoAEAAwAAAAEAAQAAoAIABAAAAAEAAADIoAMABAAAAAEAAADIAAAAADIwMTY6MDU6MDUgMTE6MDY6MTAA/+EOAGh0dHA6Ly9ucy5hZG9iZS5jb20veGFwLzEuMC8APD94cGFja2V0IGJlZ2luPSLvu78iIGlkPSJXNU0wTXBDZWhpSHpyZVN6TlRjemtjOWQiPz4gPHg6eG1wbWV0YSB4bWxuczp4PSJhZG9iZTpuczptZXRhLyIgeDp4bXB0az0iWE1QIENvcmUgNS40LjAiPiA8cmRmOlJERiB4bWxuczpyZGY9Imh0dHA6Ly93d3cudzMub3JnLzE5OTkvMDIvMjItcmRmLXN5bnRheC1ucyMiPiA8cmRmOkRlc2NyaXB0aW9uIHJkZjphYm91dD0iIiB4bWxuczp4bXBNTT0iaHR0cDovL25zLmFkb2JlLmNvbS94YXAvMS4wL21tLyIgeG1sbnM6c3RFdnQ9Imh0dHA6Ly9ucy5hZG9iZS5jb20veGFwLzEuMC9zVHlwZS9SZXNvdXJjZUV2ZW50IyIgeG1sbnM6cGhvdG9zaG9wPSJodHRwOi8vbnMuYWRvYmUuY29tL3Bob3Rvc2hvcC8xLjAvIiB4bWxuczp4bXA9Imh0dHA6Ly9ucy5hZG9iZS5jb20veGFwLzEuMC8iIHhtbG5zOmRjPSJodHRwOi8vcHVybC5vcmcvZGMvZWxlbWVudHMvMS4xLyIgeG1wTU06SW5zdGFuY2VJRD0ieG1wLmlpZDoyRjA0NzhEMzNFMjA2ODExODA4M0NBMzE3RThFNTk4OCIgeG1wTU06RG9jdW1lbnRJRD0ieG1wLmRpZDoyRTA0NzhEMzNFMjA2ODExODA4M0NBMzE3RThFNTk4OCIgeG1wTU06T3JpZ2luYWxEb2N1bWVudElEPSJ4bXAuZGlkOjJFMDQ3OEQzM0UyMDY4MTE4MDgzQ0EzMTdFOEU1OTg4IiBwaG90b3Nob3A6Q29sb3JNb2RlPSIzIiBwaG90b3Nob3A6SUNDUHJvZmlsZT0ic1JHQiBJRUM2MTk2Ni0yLjEiIHhtcDpDcmVhdG9yVG9vbD0iQWRvYmUgUGhvdG9zaG9wIENTNiAoTWFjaW50b3NoKSIgeG1wOk1ldGFkYXRhRGF0ZT0iMjAxNi0wNi0wMVQxNDo0MzoyMy0wNzowMCIgeG1wOk1vZGlmeURhdGU9IjIwMTYtMDYtMDFUMTQ6NDM6MjMtMDc6MDAiIHhtcDpDcmVhdGVEYXRlPSIyMDE2LTA1LTA1VDExOjA2OjEwLTA3OjAwIiBkYzpmb3JtYXQ9ImltYWdlL2pwZWciPiA8eG1wTU06SGlzdG9yeT4gPHJkZjpTZXE+IDxyZGY6bGkgc3RFdnQ6c29mdHdhcmVBZ2VudD0iQWRvYmUgUGhvdG9zaG9wIENTNiAoTWFjaW50b3NoKSIgc3RFdnQ6d2hlbj0iMjAxNi0wNS0wNVQxMTowNjoxMC0wNzowMCIgc3RFdnQ6aW5zdGFuY2VJRD0ieG1wLmlpZDoyRTA0NzhEMzNFMjA2ODExODA4M0NBMzE3RThFNTk4OCIgc3RFdnQ6YWN0aW9uPSJjcmVhdGVkIi8+IDxyZGY6bGkgc3RFdnQ6YWN0aW9uPSJjb252ZXJ0ZWQiIHN0RXZ0OnBhcmFtZXRlcnM9ImZyb20gaW1hZ2UvcG5nIHRvIGltYWdlL2pwZWciLz4gPHJkZjpsaSBzdEV2dDpzb2Z0d2FyZUFnZW50PSJBZG9iZSBQaG90b3Nob3AgQ1M2IChNYWNpbnRvc2gpIiBzdEV2dDpjaGFuZ2VkPSIvIiBzdEV2dDp3aGVuPSIyMDE2LTA2LTAxVDE0OjQzOjIzLTA3OjAwIiBzdEV2dDppbnN0YW5jZUlEPSJ4bXAuaWlkOjJGMDQ3OEQzM0UyMDY4MTE4MDgzQ0EzMTdFOEU1OTg4IiBzdEV2dDphY3Rpb249InNhdmVkIi8+IDwvcmRmOlNlcT4gPC94bXBNTTpIaXN0b3J5PiA8L3JkZjpEZXNjcmlwdGlvbj4gPC9yZGY6UkRGPiA8L3g6eG1wbWV0YT4gICAgICAgICAgICAgICAgICAgICAgICAgICAgICAgICAgICAgICAgICAgICAgICAgICAgICAgICAgICAgICAgICAgICAgICAgICAgICAgICAgICAgICAgICAgICAgICAgICAgICAgICAgICAgICAgICAgICAgICAgICAgICAgICAgICAgICAgICAgICAgICAgICAgICAgICAgICAgICAgICAgICAgICAgICAgICAgICAgICAgICAgICAgICAgICAgICAgICAgICAgICAgICAgICAgICAgICAgICAgICAgICAgICAgICAgICAgICAgICAgICAgICAgICAgICAgICAgICAgICAgICAgICAgICAgICAgICAgICAgICAgICAgICAgICAgICAgICAgICAgICAgICAgICAgICAgICAgICAgICAgICAgICAgICAgICAgICAgICAgICAgICAgICAgICAgICAgICAgICAgICAgICAgICAgICAgICAgICAgICAgICAgICAgICAgICAgICAgICAgICAgICAgICAgICAgICAgICAgICAgICAgICAgICAgICAgICAgICAgICAgICAgICAgICAgICAgICAgICAgICAgICAgICAgICAgICAgICAgICAgICAgICAgICAgICAgICAgICAgICAgICAgICAgICAgICAgICAgICAgICAgICAgICAgICAgICAgICAgICAgICAgICAgICAgICAgICAgICAgICAgICAgICAgICAgICAgICAgICAgICAgICAgICAgICAgICAgICAgICAgICAgICAgICAgICAgICAgICAgICAgICAgICAgICAgICAgICAgICAgICAgICAgICAgICAgICAgICAgICAgICAgICAgICAgICAgICAgICAgICAgICAgICAgICAgICAgICAgICAgICAgICAgICAgICAgICAgICAgICAgICAgICAgICAgICAgICAgICAgICAgICAgICAgICAgICAgICAgICAgICAgICAgICAgICAgICAgICAgICAgICAgICAgICAgICAgICAgICAgICAgICAgICAgICAgICAgICAgICAgICAgICAgICAgICAgICAgICAgICAgICAgICAgICAgICAgICAgICAgICAgICAgICAgICAgICAgICAgICAgICAgICAgICAgICAgICAgICAgICAgICAgICAgICAgICAgICAgICAgICAgICAgICAgICAgICAgICAgICAgICAgICAgICAgICAgICAgICAgICAgICAgICAgICAgICAgICAgICAgICAgICAgICAgICAgICAgICAgICAgICAgICAgICAgICAgICAgICAgICAgICAgICAgICAgICAgICAgICAgICAgICAgICAgICAgICAgICAgICAgICAgICAgICAgICAgICAgICAgICAgICAgICAgICAgICAgICAgICAgICAgICAgICAgICAgICAgICAgICAgICAgICAgICAgICAgICAgICAgICAgICAgICAgICAgICAgICAgICAgICAgICAgICAgICAgICAgICAgICAgICAgICAgICAgICAgICAgICAgICAgICAgICAgICAgICAgICAgICAgICAgICAgICAgICAgICAgICAgICAgICAgICAgICAgICAgICAgICAgICAgICAgICAgICAgICAgICAgICAgICAgICAgICAgICAgICAgICAgICAgICAgICAgICAgICAgICAgICAgICAgICAgICAgICAgICAgICAgICAgICAgICAgICAgICAgICAgICAgICAgICAgICAgICAgICAgICAgICAgICAgICAgICAgICAgICAgICAgICAgICAgICAgICAgICAgICAgICAgICAgICAgICAgICAgICAgICAgICAgICAgICAgICAgICAgICAgICAgICAgICAgICAgICAgICAgICAgICAgICAgICAgICAgICAgICAgICAgICAgICAgICAgICAgICAgICAgICAgICAgICAgICAgICAgICAgICAgICAgICAgICAgICAgICAgICAgICAgICAgICAgICAgICAgICAgICAgICAgICAgICAgICAgICAgICAgICAgICAgICAgICAgICAgICAgICAgICAgICAgICAgICAgICAgICAgICAgICAgICAgICAgICAgICAgICAgICAgICAgICAgICAgICAgICAgICAgICAgICAgICAgICAgICAgICAgICAgICAgICAgICAgICAgICAgICAgICAgICAgICAgICAgICAgICAgICAgICAgICAgICAgICAgICAgICAgICAgICAgICAgICAgICAgICAgICAgICAgICAgICAgICAgICAgICAgICAgICAgICAgICAgICAgICAgICAgICAgICAgICAgICAgICAgICAgICAgICAgICAgICAgICAgICAgICAgICAgICAgICAgICAgICAgICAgICAgICAgICAgICAgICAgICAgICAgICAgICAgICAgICAgICAgICAgICAgICAgICAgICAgICAgICAgICAgICAgICAgICAgICAgICAgICAgICAgICAgICAgICAgICAgICAgICAgICAgICAgICAgICAgICAgICAgICAgICAgICAgICAgICAgICAgICAgICAgICAgICAgICAgICAgICAgICAgICAgICAgICAgICAgICAgICAgICAgICA8P3hwYWNrZXQgZW5kPSJ3Ij8+AP/tAGRQaG90b3Nob3AgMy4wADhCSU0EBAAAAAAALBwBWgADGyVHHAIAAAIAAhwCPgAIMjAxNjA1MDUcAj8ACzExMDYxMC0wNzAwOEJJTQQlAAAAAAAQb6unxTFwBM3REm/hvzIWdP/AABEIAMgAyAMBEQACEQEDEQH/xAAfAAABBQEBAQEBAQAAAAAAAAAAAQIDBAUGBwgJCgv/xAC1EAACAQMDAgQDBQUEBAAAAX0BAgMABBEFEiExQQYTUWEHInEUMoGRoQgjQrHBFVLR8CQzYnKCCQoWFxgZGiUmJygpKjQ1Njc4OTpDREVGR0hJSlNUVVZXWFlaY2RlZmdoaWpzdHV2d3h5eoOEhYaHiImKkpOUlZaXmJmaoqOkpaanqKmqsrO0tba3uLm6wsPExcbHyMnK0tPU1dbX2Nna4eLj5OXm5+jp6vHy8/T19vf4+fr/xAAfAQADAQEBAQEBAQEBAAAAAAAAAQIDBAUGBwgJCgv/xAC1EQACAQIEBAMEBwUEBAABAncAAQIDEQQFITEGEkFRB2FxEyIygQgUQpGhscEJIzNS8BVictEKFiQ04SXxFxgZGiYnKCkqNTY3ODk6Q0RFRkdISUpTVFVWV1hZWmNkZWZnaGlqc3R1dnd4eXqCg4SFhoeIiYqSk5SVlpeYmZqio6Slpqeoqaqys7S1tre4ubrCw8TFxsfIycrS09TV1tfY2dri4+Tl5ufo6ery8/T19vf4+fr/2wBDAAEBAQEBAQEBAQEBAQEBAQEBAQEBAQEBAQEBAQECAQEBAQEBAgICAgICAgICAgICAgIDAwMDAwMDAwMDAwMDAwP/2wBDAQEBAQEBAQIBAQIDAgICAwMDAwMDAwMDAwMDAwMDAwMDAwMDAwMDAwMDAwMDAwMDAwMDAwMDAwMDAwMDAwMDAwP/3QAEABn/2gAMAwEAAhEDEQA/AOwr/Mc/i8KACgAoAKACgAoAKACgAoAKACgAoAKACgAoAKACgAoAKACgAoAKACgAoA//0Owr/Mc/i8KACgAoAKACgAoAKACgAoAKACgAoAKACgAoAKACgAoAKACgAoAKACgAoA//0ewr/Mc/i8KACgAoAKACgAoAKACgAoAKACgAoAKACgAoAKACgAoAKACgAoAKACgAoA//0uwr/Mc/i8KACgAoAKACgAoAKACgAoAKACgAoAKACgAoAKACgAoAKACgAoAKACgAoA//0+wr/Mc/i8KACgAoAKACgAoAUAkgAEk9AOSfpihK7sgH+VL/AM8pP++G/wDiav2dT+V/cx2kHlS/88pP++G/+Jo9nU/lf3MLSDypf+eUn/fDf/E0ezqfyv7mFpEdQIKACgAoAKACgAoAKACgAoAKACgAoAKAP//U7Cv8xz+LwoAKACgAoAKACgD6E/ZL8MeHfGv7UHwC8H+LtF03xJ4W8TfEiz0nxB4f1m0iv9J1nTJPD+o3MlhqFnOCksRkijcowIJUZyMg/RcF4LB5nx3keVZlRhiMNisVOnWpVIxnTqU/qWMqck4STjKPPThKzTV4r5+/wthsPjOI8FhcVCNSlUq2lGSTjJck3Zp3TV0nbukf1Gj9g39jTA/4xk+CvQf8yFov/wARX9of8Qf8KF/zTWWf+EOG/wDlb/r8P6L/ANTeFf8AoXYb/wAEw/yF/wCGDf2M/wDo2T4K/wDhBaL/APG6P+IP+FH/AETWWf8AhDhv/lf+Yf6m8K/9C7Df+CYf5Fa8/YR/Y1htLqRP2ZfgqGS2uHUjwHooIZIWZSDs4IIHI59PUTLwf8KFF/8AGNZZs/8AmBw3b/r2KXB3Cqi3/Z2G/wDBMP8AI/j5cAMwHADyD8BIQK/hCSSbS7v82fyxJWf9f1/X3MpEhQAUAFABQAUAFABQAUAFABQAUAFAH//V7Cv8xz+LwoAKACgAoAKACgD6h/Yj/wCTw/2Zv+ys2H/qMarX1fh7/wAnL4c/7Dp/+q/HH0vBv/JVZf8A9fv/AGyZ/ZMOg+gr/Q0/qsWgClqP/Hhe/wDXpdf+k7VM/gfoyZ/A/Rn8I8n32/35P/Rhr/MuXxP1f5s/jOW/9d2MqSQoAKACgAoAKACgAoAKACgAoAKACgD/1uwr/Mc/i8KACgAoAKACgAoA+of2I/8Ak8P9mb/srNh/6jGq19X4e/8AJy+HP+w6f/qvxx9Lwb/yVWX/APX7/wBsmf2TDoPoK/0NP6rFoApaj/x4Xv8A16XX/pO1TP4H6MmfwP0Z/CPJ99v9+T/0Ya/zLl8T9X+bP4zlv/XdjKkkKACgAoAKACgAoAKACgAoAKACgAoA/9fsK/zHP4vCgAoAKACgAoAKAPqH9iP/AJPD/Zm/7KzYf+oxqtfV+Hv/ACcvhz/sOn/6r8cfS8G/8lVl/wD1+/8AbJn9kw6D6Cv9DT+qxaAKWo/8eF7/ANel1/6TtUz+B+jJn8D9Gfwjyffb/fk/9GGv8y5fE/V/mz+M5b/13YypJCgAoAKACgAoAKACgAoAKACgAoAKAP/Q7Cv8xz+LwoAKACgAoAKACgD6h/Yj/wCTw/2Zv+ys2H/qMarX1fh7/wAnL4c/7Dp/+q/HH0vBv/JVZf8A9fv/AGyZ/ZMOg+gr/Q0/qsWgClqP/Hhe/wDXpdf+k7VM/gfoyZ/A/Rn8I8n32/35P/Rhr/MuXxP1f5s/jOW/9d2MqSQoACQqs7EKiKXkdiFSNF5Z3duAB3JIH9VKUYQdSbtGKbbbsklu23okuregdL9j1b4b/An41fGHDfCz4T+P/HtsdhXVNB8O3K+HmVzgMvizVzaaSR64viR6evrZPkHEfEUHU4cy3E4+NotTpU+WlKMldSp4mvKjhqitv7OvJrtfRerl+R5xmqvluGqVk/tRjaH/AIMly0//ACY+xvDv/BKb9szXVhlvPCnw98IwyhGKeK/iVarfxBuols/CtjqyAj0E9foNDwP8TsQ4yWGwdGDtf22NnGol1vCjhK8LrolVs9rrc+qoeGnFVaznClSv0nW1+6EKi/E9Nh/4I4ftMOitP45+CNsxA3L/AG341uAnqTIujJkDqSFr6KH0fOL3G88Zg4vtetK3z5I/l/wPQXhTxA9ZVsOv+3qj/wDbEflDf2hsNQ1LT2mhuG03VNU0trm2LNbXL6VqMumvdWrOAxhlMRkhYgEoykgEkD8IknCtVovelVrUm7WUnRqzpOUe8JuDnTfWEotpN2X5pVpulVlSbT5ZNXWzs2rrydrryKlIzCgAoAKACgAoA//R7Cv8xz+LwoAKACgAoAKACgD6h/Yj/wCTw/2Zv+ys2H/qMarX1fh7/wAnL4c/7Dp/+q/HH0vBv/JVZf8A9fv/AGyZ/ZMOg+gr/Q0/qsWgClqP/Hhe/wDXpdf+k7VM/gfoyZ/A/Rn8I8n32/35P/Rhr/MuXxP1f5s/jOW/9d2MqST339nv9mf4uftN+LW8LfC7QBdQWE1qPFHi/V3msPBvg22ul8yObXtXRHLTvH89vp1qkl1MCrBEhJnX6ThThLPuNcxeXZBR51TlFVq07xoYdSXNepNK8qnJ70aFPmqy5qbmqVGoqy9zIuHcz4hxP1fLoXUbc85aQpp6+8+9tVCN5P8Aux95f0Q/s6f8Evv2fPgxBpmt+ONNh+NfxCtfs90+veNtPgk8LaVfxfPu8LeAmaWytwjE+VcXrXd3jrP2H9X8HeCPCfDcKWMzeCzbHwtL21eC9lTqK75sPhryp0eVyahN+0xHJZVK9Rq7/dsi8PMjylRrYqP1uurPmqJcif8Acp6xjbo5c0+8u36R29rbWkEVrawQ29tBGsUNvBFHDbwxIMJHFBGAiqBwAoA/p+yRiorlirJdEfeKMYx5UrJfd9xPTKPmv9r74xW/wI/Zy+K3xHM0Satpvhe80vwpBJMsJvvGniUf8I94Sso2PUvfXELNgcKrN0Bx8fx/xIuEeDswz+KU6tGlJUYOSh7TEVP3eHpcz0TqVpwgn05rng8TZrHJcixOYN2lCDUPOpL3YL5yaP4x4YhbwwW4keYW8MNuJpWLSzeRGIvOlY8lnxuYnqTX+eWHofVsPTw3O6ns4xhzyd5S5YqPNJ9ZSteT6ts/k1KyUb3srfcSVqAUAFABQAUAFAH/0uwr/Mc/i8KACgAoAKACgAoA+of2I/8Ak8P9mb/srNh/6jGq19X4e/8AJy+HP+w6f/qvxx9Lwb/yVWX/APX7/wBsmf2TDoPoK/0NP6rFoApaj/x4Xv8A16XX/pO1TP4H6MmfwP0Z/CPJ99v9+T/0Ya/zLl8T9X+bP4zlv/Xdn1T+yJ+yj4y/ax+JaeEtGluNB8F6AtnqfxH8di3SWPw1otzKy22n6SlyrQ3Gs6j5cken27hkjVZLqdWiiWG4+v4G4HzXj3Ov7MwLlQw1JRnicTypqjTk3ywpcycKmJq2apxkpQpRTr14yiqVHE/S8LcM4vibH/V6TcKMLOrU/ki9lHvUl9lPRK8pJpKMv61PhP8ACXwD8EfAuifDn4a+HrTw34V0GFltrO33S3N3eTnff6xrGoTEzXl9dSZlury4d5ZXJZm7V/d+QZBlHC+U0ckyOiqGGoK0Yq7bbd5TnOTc6lSpJudSpNynUm3OcpSk2f01lmWYLKMFDAZfTVOlBaJdW93J7yk3rKTbbbuz0ivYO8KAA8UAfzd/8Fbf2mYfiD8RNI/Z98J3/n+F/hRfPrHjq4tpWNtqnxMu7E21nopaNtsi6HYzSecCpX7XdbciW0YD+QvHjjKObZ1S4RwE26GXS9piGm7TxUoWp09JLmjh6U3UnGUXF1atGUZKdCaX4J4n8QrGY6ORYWV6eGfNUa2dVqyj/wBw4tt7+9JbODR+Pdfgh+VBQAUAFABQAUAFAH//0+wr/Mc/i8KACgAoAKACgAoA+of2I/8Ak8P9mb/srNh/6jGq19X4e/8AJy+HP+w6f/qvxx9Lwb/yVWX/APX7/wBsmf2TDoPoK/0NP6rFoApaj/x4Xv8A16XX/pO1TP4H6MmfwP0Z/C7omg634q8QaN4X8NabNrPiPxLrdh4f0DSLfd5up61rOorp2mWKsisUEk0iCSXaRGm6RvlRjX+aFPDYvGYmngsBT9rXr1I06UNVz1Kk+WEW4xk4xcmuefK1TgpVH7sJH8c0qFbFV4YbDx56lSSjGK6ylK0V5avV9Fd9D+x39lL9nTw5+zD8GvDfw10YW95rKR/2z468SRQmKfxX431GFP7b1mXeSwhQotpYwkkQ2kUMQ4XJ/wBAeBeD8DwRw7RyTCWnUXv16trOvXkl7Sq7ttJtKNOF2qVKMKULQhFL+quG8iocPZVTy+jZyXvVJdZ1H8Un5dIq/uxSWyVvpKvsD3goAKAPzV/4KC/tz6T+zZ4Tufh94C1C01H48+LdLb+yLVDFdQfDrRb4NB/wnPiSDkCX5XGjWEmGuZ18xl+ywTuPxvxY8T6XBmCeTZNKNTOMTC9OL96OGpyvH6zXSa0upKhSupYipFpONKnXrUvgeN+MaPD2GeCwclLG1Y+6t/ZRentJ/wDuOO8pdOWMmv5Zp557qe4urq4ubu7u7i5vLy8vJ5Lq9vb29uGu72+vruYl5p55neaeZyWkkZnYlmJP8VJWu23Jtyk5SblKUpScpznJ3cpzm5TnN+9OcpSldts/m+cpTk5zbbbbbbu227tt9W2229222RUyQoAKACgAoAKACgD/1Owr/Mc/i8KACgAoAKACgAoA+of2I/8Ak8P9mb/srNh/6jGq19X4e/8AJy+HP+w6f/qvxx9Lwb/yVWX/APX7/wBsmf2TDoPoK/0NP6rFoApaj/x4Xv8A16XX/pO1TP4H6MmfwP0Z/NT/AMEjPgrB49+P3iL4r6vZ/aNG+C2hB9GMsccsDePvG7XOmadcJu6S2GlQ38g9DdxN1AI/jrwG4cWbcX18/wATC9LKqdqbai19axHPG63lGdHDqW1k44vyVvwDwwyhY3OqmZ1VeOEj7v8A18qcyT9YQUu/xryP6YwMcdhxX9jn9AhQBn6pq2l6Jp95q2s6lYaTpWnwPc3+p6leW9hp1jbRDMlxeX12yRRIo5ZncADvUVatOjTdWtJQhFXbk0kl3beiXqRUq06UHUqNRjHVtuyXq3ZL5n4x/tZ/8FZ/Cnhu11DwR+y9JZeNvE8gktbv4r3dsZ/Afh0mPDS+E7ScKdeu1J/dTgLpyMNxluipt2/nPjfx7y7DweX8BOGNqyvfGP3sLTVk70dvrc3zLldNrDxtNyrOcPYT/KOJvEzDYaMsHw61Wq7Os1elH/B/z9ltZ/w1veVnF/z869r2ueKdc1fxN4m1nU/EXiPxBqM+ra7r+tXkmoavrOqXWPPv9RvJeXkYKqKAFSNFSKJUiREX+WatXEYmvUxmNqzr168nOrVqPmqVajSTnOSSTdkopRUYQhGNOnCFKEIR/Dq9etia88TiJupUqPmlKTvKTfVv00XRJJJJJJZNQZBQAUAFABQAUAFABQB//9XsK/zHP4vCgAoAKACgAoAKAPqH9iP/AJPD/Zm/7KzYf+oxqtfV+Hv/ACcvhz/sOn/6r8cfS8G/8lVl/wD1+/8AbJn9kw6D6Cv9DT+qxaAKWo/8eF7/ANel1/6TtUz+B+jJn8D9GfzUfsFftt+Bf2V/hh4u8M6n8GvjD4617xX8QtR8Uah4h8BaNouoaL9ki0Sy0LStKkn1G8gkE9vHas0ibCo8wEHLED+NfDLxJwHAWT4nBf2JmOPq4vEzr1KuEpUqlJtQp0YRvUrU2pxp0YcyUeW7unqz8C4K4twXDuW1MNUwmIrTqVZTcqUIyjbljFK7lHVKOq89H0PrPxD/AMFpPBGkRu0P7OfxYtmAbD+MNc8F+ErRTjgyzLPeSAZ6kRGvt8X9JPLcHT9riuH8xw0es8TLA0IR85N4ubS9It+R9NX8V8FRX+410/8Ap46dNffzSf4f8H5h8a/8Fm/jh4ot7qD4Y/D34W+CYXbEOr32qaz8UNShUZ+b7PF/Y9nG49WWVQeoI6/F4z6R/E2cUqi4ZwuBoRTtGt7apj3vrzUqawkIu3atUSb1TS1+bxfixm2Ii1l2Ho0v7zlKs7ei5Ir736dD86Pi5+0F8a/jxdG4+LvxM8U+ObdZ2uLbQtRu4bDwlYuXEkZsvB2ix22mAxkAxSy2sky/89Sea/KOIOI+IuLG/wDWfHVcdTcnJUpuMcPH3oyjFYelGFGapyinTlWhVrQav7W+r+DzXPs3zp3zPETrL+VtKC9KceWGnRuLl59/HiSSSxJJ6knJP1JryG29WeQJSAKACgAoAKACgAoAKACgD//W7Cv8xz+LwoAKACgAoAKACgD6h/Yj/wCTw/2Zv+ys2H/qMarX1fh7/wAnL4c/7Dp/+q/HH0vBv/JVZf8A9fv/AGyZ/ZMOg+gr/Q0/qsWgClqP/Hhe/wDXpdf+k7VM/gfoyZ/A/Rn41f8ABF/xxFqHwr+Mnw5lmjW78K/Eq08V2ttvAlOi+NvD0FqLgIDnH9oaXepnHUV/PH0dc1dfJM0yWpyp4XF+0gk1zOliKUJc7V7q+IhiYq6V+R77n5V4UYxVMsxWBb1pVudL+7Uitf8AwOEj9l7vT7G/jMV7Z2t3Gww0d1bQXCMDwQUmVgfy/wDrf0PKMZq0kmvM/VZQjNWkrngvj79k39mn4oIV8dfA34Y6/MST/aEnhHSbDWI2brJBrWkx293G/o6Tgjr9Pl864G4N4jUf7dyvC4pwd4upQpylF/zRly80ZdpRaa/Lxsdw3kOZL/bcHRqPu6ceb5SSTXqrf5/nX8Zf+CN/wq8QQXeo/A/x14k+GmskSS2+geK5rn4geCZ5nfcITNfSR61arjIVo9QlRP8Ang3Q/kHEX0eMkxVOdXhPG1cvrO7UK7njMO5Nq941KkcRFJJqMaWJhTje7pytZ/CZr4VZXiE55TWnh5dIzvVpv/wJqovlNpfyvQ/FL4+fsufG39mnV49O+K/g6fTNMvbo2uieNNHnbXPAfiCYsFit9N8SxRRiO5fI22N/BbXJOfLikVS9fzpxPwfxNwZiVQ4kwvsYTdqdeEnVwtRuSjGMa3LBwqScoJUq0KU5ybjRVZRlNfked8NZxw/U5MypWi3aNSL5qcvJTsrP+7JRk+kXZs+fa+bPBCgAoAKACgAoAKACgAoA/9fsK/zHP4vCgAoAKACgAoAKAPqH9iP/AJPD/Zm/7KzYf+oxqtfV+Hv/ACcvhz/sOn/6r8cfS8G/8lVl/wD1+/8AbJn9kw6D6Cv9DT+qxaAKWo/8eF7/ANel1/6TtUz+B+jJn8D9Gfyhf8E2vjjb/BP9qXw3DrN5HY+EfizbSfC3xFPM8Udta6nqmpC88B6rcySkBRFqg+wA54+3sTwDX8MeEPEtPhnj2i8TJQw2ZL6nVb5UvaSqOWElKTaaSqupQjFJuVTFx0smz+a+AM4jlHEUIVXalil7GXZSbvSk/Sfuddah/WSDkZ/yCOCK/uk/pYWgAoA57xX4S8M+OfD2r+EvGOgaR4n8M6/ZTadrOg67p9tqek6nZTrtkt72xulZHU9sjIIBBBAJ5MfgMDmmCq5dmVGGIw9eLhUp1IqcJwkrSjOMk4yi1o000/zwxOGw+MoTw2KhGpTmmpRkk4tPo09GfzQ/t9f8E9NQ/Zya7+LHwoTUtd+B11coNa0+6lm1HXPhPdXcwit11G9lLS3mgyuyxwahMWmtHKxXbSRMtwn8a+KvhXW4Kc+I8lcquTt3qRk3KeBb05pSd5VMI3vVm3Uw0nerKWGk54b+f+NuBZ5FfM8rvPBt+9F6yot927uVN7KT96DspXT5l+W5BBIIIIOCD1B9DX45toz82EoAKACgAoAKACgAoA//0Owr/Mc/i8KACgAoAKACgAoA+of2I/8Ak8P9mb/srNh/6jGq19X4e/8AJy+HP+w6f/qvxx9Lwb/yVWX/APX7/wBsmf2TDoPoK/0NP6rFoApaj/x4Xv8A16XX/pO1TP4H6MmfwP0Z/CPJyzjdImXkw8MskEyHzSVkhniKvG6n5kkVgysAykECv8yqkVO8W2r31jJxktXrGUWpRkt4yi1KMkpRd0rfxnLf/J2e72a1T7Pof1ef8E8P2uLb9pX4SW+h+KdSt2+Mvw1s9P0bx5avKkdz4isNhtdC+IdlbHBMOpJGVvQmVgvUmi+4Ymf+3/CTj5caZAsLmVSLzTAqMMTFae0TuqeJjF6qFdRbaXNGnWjVoqc/Z8z/AKX4G4njxBlap4iX+1YdKNRdZLaNVLTSdtbLSaktrN/oTX6wfbhQAUAZ2r6Rpmv6XqOia1p9pqukavY3emappmoW8V1Y6jp1/A1te2N7bTBkkimjZo5EZSCpIIrOtSpYilKhXipwmnGUZK6lFqzTT0aa0afQirSp1qcqVWKlGSaaaumnumnunsz+RH9uP9lq5/ZW+NN74Y0xLuf4beL4LrxT8L9SuWM8kehi6WDVfCN5dkkyXWiTyxQeY/zS2stpKxeVpmH8DeI/BVTgTiaWWUuaWCxMZVsJNpaU1JRqYeUk3eeGlKEYykoudCpR1q1IV6j/AJf4y4blw3mzoUtcPVTnRb/lvaUG+rptpXe8XB3b5mvjavhD5IKACgAoAKACgAoA/9HsK/zHP4vCgAoAKACgAoAKAPqH9iP/AJPD/Zm/7KzYf+oxqtfV+Hv/ACcvhz/sOn/6r8cfS8G/8lVl/wD1+/8AbJn9kw6D6Cv9DT+qxaAKWo/8eF7/ANel1/6TtUz+B+jJn8D9Gfwjyffb/fk/9GGv8y5fE/V/mz+M5b/13Z6F8J/it45+CXj/AMP/ABM+HGstofivw5PI1rOyPPp+pafdbV1Tw/r9grILvTr1EWO6tmZSdqSxPFcQwzR9+T5vmfD2bUM8yar7HFYdvklZuMoytz0qsE4+0o1VGKqU21rGFSDhWpUqkO7K80xmTY6nmGAlyVafzTT+KEl1hKy5lp0aakk1/Vp+yJ+2x8Mf2rfDUaaZcQeFfilpNlHJ4w+GOo3yS6rYMoEcus+HLhwn9qaRK+fJvYUDx5EV1FBOGQf3D4e+JWTcfYK1K2GzCjFPEYSUlKdO917SnK0fbYebT9nWjGN7OFSFKtGpRh/SvDHF2XcS4f8AdP2eIivfot+8v70X9uD6SVrbSSldL7Pr9GPqwoAKAPz+/wCClXwJj+Nf7MPi6+03T/tnjX4ULL8T/B5hhWS8nbw/aP8A8JVocDHn/iY6Q13bqvI80QvjKAj8o8ZuFZcT8D154Snz4zL39bw6STlKVJP2lKPM0k8RQdWhzP4fac28UfFce5Ms34eqypxvWw/76nZXbcU+eK/xw5orzs+h/JuGR1V43WSKRVkikQ5SSKRd8ciEdQykEe1fw3TqU61ONWjJThNKUZJ3UotXUk1pZppryZ/MmnQWrAKACgAoAKACgD//0uwr/Mc/i8KACgAoAKACgAoA+of2I/8Ak8P9mbv/AMXZsP8A1GNVNfV+Hv8Aycvhz/sOn/6r8cfS8G/8lXl//X7/ANx1D+yQMMD73QfwN/8AE1/oaf1Vdf1cXcP9r/vhv/iaAuv6uU9QO6xvAA5JtLrACNkn7O2APlqZ/C/QmTXK/Rn8JEn32/35P/Rhr/MuXxP1f5s/jSW/9dxlSSaei61rHhzWNL8Q+HtW1PQdf0O9j1HRdc0S/utK1nSL+LhLvTdTsXSaF9uUYo4DIWRwyMym6VSrh8TSxmGnKlWw81UpVIScKlOaVuaE4tSi3FuMknacJSpzUoSlF60a9bDVY18PN05wd4yi3GUX3TVmvO260d07P9fv2ff+Cv8A8SPB1vYeHfj94UHxT0i3WG2Xxz4WbTPDvxAiiQJEJdZ0S48nSNTcAMzzwS2Dn/nlI2Sf3nhPx+z7LYxwfF2HWY0lZLEUOSliUvcjerRk4Yeq/jnOpSnh+kYYaT1P1PI/FLHYWMaGd0vrMVp7SHLGr0+KLtTn5uLg+0Wz9ZPhh/wUK/ZE+KosoNI+MnhzwzrN6dqeG/iMZ/h5rqydPKjt/FK28M5zn5rWeVD2YjBP7pkfi54dcQSp0MJmlKjXrX5KGJ5sLXla97UcQqdSS0esVJNK6bWp+m5dxtwxmVo0cXCE39irelL5Kdr+qbXbz+vtK1zRtct1utF1XTdXtZFDpc6ZqFnqEDqRkMk1m7qQexBr9Ep1aVWPNSkpLummvwPp6dWnVXNTakvJp/k2XLqC3vLae0uoRcW11FJbXEEsbNHNBcIYZo5AQPlZGYHPb9blFSTjLVPQqXLJcrV09D+Hj4neDT8OviV8Rvh8Y/Jj8C/EDxt4PtYsFTHp3hzxRdaVpClTyD9jjtzzjrX+a2aZZLJM2xmTSioRwmJxNGEYqyjRp16kcOreWHVI/j/MsJ9QzHEYFKyo1alNf4YTko/+S8pw9cJwhQAUAFABQAUAf//T7Cv8xz+LwoAKACgAoAKACgC1Y39/pl5bajpd/qGlajZyiey1LSr+90rU7G4VSq3NhqWnPFPBKASBJDKjAE4YZOahOpTnGrRnOnOOsZ05zpzi7NXhUpyhOErNrmhKMrNq+rLhUqUpqpSk4SWzi3GSfdSTTT800/16/wD4Wj8VP+is/F3/AMO18Sv/AJbVt9fzr/oaZj/4c8x/+azr/tTM/wDoKr/+FFf/AOWB/wALR+Kn/RWfi7/4dr4lf/Laj6/nX/Q0zH/w55j/APNYf2nmf/QVX/8ACiv/APLBD8UPimQQ3xY+LjAggqfi18SiCCMEEf2ryCOCP8k+v51/0M8x/wDDnmP/AM1h/amZ/wDQVX/8H1//AJYcP/n8+a5zhCgAoAKAA/MjRsA8bjDxuA8bg9Q8bcEexH/11JKcHSnrF7p6p+qej+Y76W6EumTz6IS2h3F3oDsdxk8P3t5oEpb1M2iyQNn3zn+mOEw1HL6UqOWJ4OMnd/Vpzwzb0V74eVJ3skr3vZbvQqlUnQ1oN0/8DcP/AElxOwi+JfxOgQJB8VPixBGvRIfiv8SIkGOmETVAB+A/+v3RxucRXLHM8wS/7GeY/wDzWdf9p5mlZYquv+49Zf8AuQ5K7u7u/uri+1C8vNQvryaS5vL/AFG8utR1C9uZW3TXV9qF88k08rnl5ZnZ2PLMTycpTqVJOdacqknvKc5VJyfeU5ylOcn1lOUpPdtvV8k5zqSc6jcpPVtttt92222+7bbf516kgKACgAoAKACgD//U7Cv8xz+LwoAKACgAoAKACgAoAKACgAoAKACgAoAKACgAoAKACgAoAKACgAoAKACgD//V7Cv8xz+LwoAKACgAoAKACgAoAKACgAoAKACgAoAKACgAoAKACgAoAKACgAoAKACgD//W7Cv8xz+LwoAKACgAoAKACgAoAKACgAoAKACgAoAKACgAoAKACgAoAKACgAoAKACgD//X7Cv8xz+LwoAKACgAoAKACgAoAKACgAoAKACgAoAKACgAoAKACgAoAKACgAoAKACgD//Z